[debug] [2025-10-25T02:55:00.143Z] ----------------------------------------------------------------------
[debug] [2025-10-25T02:55:00.148Z] Command:       /usr/local/bin/node /usr/local/bin/firebase init
[debug] [2025-10-25T02:55:00.148Z] CLI Version:   14.22.0
[debug] [2025-10-25T02:55:00.148Z] Platform:      darwin
[debug] [2025-10-25T02:55:00.148Z] Node Version:  v22.11.0
[debug] [2025-10-25T02:55:00.148Z] Time:          Fri Oct 24 2025 22:55:00 GMT-0400 (Eastern Daylight Time)
[debug] [2025-10-25T02:55:00.149Z] ----------------------------------------------------------------------
[debug] 
[info] 
     ######## #### ########  ######## ########     ###     ######  ########
     ##        ##  ##     ## ##       ##     ##  ##   ##  ##       ##
     ######    ##  ########  ######   ########  #########  ######  ######
     ##        ##  ##    ##  ##       ##     ## ##     ##       ## ##
     ##       #### ##     ## ######## ########  ##     ##  ######  ########

You're about to initialize a Firebase project in this directory:

  /Users/coleshuman/Documents/vscode/Colorfill-Online-Updated

Before we get started, keep in mind:

  * You are initializing within an existing Firebase project directory

[info] 
=== Project Setup
[info] 
[info] First, let's associate this project directory with a Firebase project.
[info] You can create multiple project aliases by running firebase use --add, 
[info] 
[debug] [2025-10-25T02:55:15.649Z] > command requires scopes: ["email","openid","https://www.googleapis.com/auth/cloudplatformprojects.readonly","https://www.googleapis.com/auth/firebase","https://www.googleapis.com/auth/cloud-platform"]
[debug] [2025-10-25T02:55:15.649Z] > authorizing via signed-in user (theofficialsatchmo@gmail.com)
[debug] [2025-10-25T02:55:15.651Z] Checked if tokens are valid: true, expires at: 1761364446623
[debug] [2025-10-25T02:55:15.651Z] Checked if tokens are valid: true, expires at: 1761364446623
[debug] [2025-10-25T02:55:15.652Z] >>> [apiv2][query] GET https://firebase.googleapis.com/v1beta1/projects/colorfill-updated [none]
[debug] [2025-10-25T02:55:15.976Z] <<< [apiv2][status] GET https://firebase.googleapis.com/v1beta1/projects/colorfill-updated 200
[debug] [2025-10-25T02:55:15.976Z] <<< [apiv2][body] GET https://firebase.googleapis.com/v1beta1/projects/colorfill-updated {"projectId":"colorfill-updated","projectNumber":"185336486852","displayName":"ColorFill Updated","name":"projects/colorfill-updated","resources":{"hostingSite":"colorfill-updated","realtimeDatabaseInstance":"colorfill-updated-default-rtdb"},"state":"ACTIVE","etag":"1_a03eaf4e-f053-4d66-80b4-0daccb94822d"}
[info] i  Using project colorfill-updated (ColorFill Updated) . 
[info] 
=== Functions Setup
[debug] [2025-10-25T02:55:15.985Z] > command requires scopes: ["email","openid","https://www.googleapis.com/auth/cloudplatformprojects.readonly","https://www.googleapis.com/auth/firebase","https://www.googleapis.com/auth/cloud-platform"]
[debug] [2025-10-25T02:55:15.985Z] > authorizing via signed-in user (theofficialsatchmo@gmail.com)
[debug] [2025-10-25T02:55:15.985Z] [iam] checking project colorfill-updated for permissions ["firebase.projects.get"]
[debug] [2025-10-25T02:55:15.986Z] Checked if tokens are valid: true, expires at: 1761364446623
[debug] [2025-10-25T02:55:15.986Z] Checked if tokens are valid: true, expires at: 1761364446623
[debug] [2025-10-25T02:55:15.986Z] >>> [apiv2][query] POST https://cloudresourcemanager.googleapis.com/v1/projects/colorfill-updated:testIamPermissions [none]
[debug] [2025-10-25T02:55:15.986Z] >>> [apiv2][(partial)header] POST https://cloudresourcemanager.googleapis.com/v1/projects/colorfill-updated:testIamPermissions x-goog-quota-user=projects/colorfill-updated
[debug] [2025-10-25T02:55:15.986Z] >>> [apiv2][body] POST https://cloudresourcemanager.googleapis.com/v1/projects/colorfill-updated:testIamPermissions {"permissions":["firebase.projects.get"]}
[debug] [2025-10-25T02:55:16.134Z] <<< [apiv2][status] POST https://cloudresourcemanager.googleapis.com/v1/projects/colorfill-updated:testIamPermissions 200
[debug] [2025-10-25T02:55:16.134Z] <<< [apiv2][body] POST https://cloudresourcemanager.googleapis.com/v1/projects/colorfill-updated:testIamPermissions {"permissions":["firebase.projects.get"]}
[info] 
Detected existing codebase(s): default

[debug] [2025-10-25T02:55:45.698Z] ----------------------------------------------------------------------
[debug] [2025-10-25T02:55:45.702Z] Command:       /usr/local/bin/node /usr/local/bin/firebase init
[debug] [2025-10-25T02:55:45.702Z] CLI Version:   14.22.0
[debug] [2025-10-25T02:55:45.702Z] Platform:      darwin
[debug] [2025-10-25T02:55:45.702Z] Node Version:  v22.11.0
[debug] [2025-10-25T02:55:45.703Z] Time:          Fri Oct 24 2025 22:55:45 GMT-0400 (Eastern Daylight Time)
[debug] [2025-10-25T02:55:45.703Z] ----------------------------------------------------------------------
[debug] 
[info] 
     ######## #### ########  ######## ########     ###     ######  ########
     ##        ##  ##     ## ##       ##     ##  ##   ##  ##       ##
     ######    ##  ########  ######   ########  #########  ######  ######
     ##        ##  ##    ##  ##       ##     ## ##     ##       ## ##
     ##       #### ##     ## ######## ########  ##     ##  ######  ########

You're about to initialize a Firebase project in this directory:

  /Users/coleshuman/Documents/vscode/Colorfill-Online-Updated

Before we get started, keep in mind:

  * You are initializing within an existing Firebase project directory

